
--- 2026-07-05 19:36:29.344837 ---
Updating user 5
'profile_image' in validated_data: True
profile_image value: WhatsApp Image 2025-09-29 at 8.59.36 PM.jpeg, type: <class 'django.core.files.uploadedfile.InMemoryUploadedFile'>
Current DB value BEFORE: EMPTY
AFTER save, DB value: users/WhatsApp_Image_2025-09-29_at_8.59.36_PM.jpeg

--- 2026-07-05 19:41:29.642309 ---
Updating user 5
'profile_image' in validated_data: True
profile_image value: WhatsApp Image 2025-09-29 at 8.59.36 PM.jpeg, type: <class 'django.core.files.uploadedfile.InMemoryUploadedFile'>
Current DB value BEFORE: users/WhatsApp_Image_2025-09-29_at_8.59.36_PM.jpeg
AFTER save, DB value: users/WhatsApp_Image_2025-09-29_at_8_ZeC38w6.59.36_PM.jpeg

--- 2026-07-05 19:46:29.228897 ---
Updating user 5
'profile_image' in validated_data: True
profile_image value: WhatsApp Image 2025-09-29 at 8.59.36 PM.jpeg, type: <class 'django.core.files.uploadedfile.InMemoryUploadedFile'>
Current DB value BEFORE: users/WhatsApp_Image_2025-09-29_at_8_ZeC38w6.59.36_PM.jpeg
AFTER save, DB value: users/WhatsApp_Image_2025-09-29_at_8_aiSgBAY.59.36_PM.jpeg

--- 2026-07-05 19:51:29.277474 ---
Updating user 5
'profile_image' in validated_data: True
profile_image value: WhatsApp Image 2025-09-29 at 8.59.36 PM.jpeg, type: <class 'django.core.files.uploadedfile.InMemoryUploadedFile'>
Current DB value BEFORE: users/WhatsApp_Image_2025-09-29_at_8_aiSgBAY.59.36_PM.jpeg
AFTER save, DB value: users/WhatsApp_Image_2025-09-29_at_8_BXVbC1h.59.36_PM.jpeg

--- 2026-07-05 19:56:29.216128 ---
Updating user 5
'profile_image' in validated_data: True
profile_image value: WhatsApp Image 2025-09-29 at 8.59.36 PM.jpeg, type: <class 'django.core.files.uploadedfile.InMemoryUploadedFile'>
Current DB value BEFORE: users/WhatsApp_Image_2025-09-29_at_8_BXVbC1h.59.36_PM.jpeg
AFTER save, DB value: users/WhatsApp_Image_2025-09-29_at_8_3vdQW9U.59.36_PM.jpeg

--- 2026-07-05 20:01:29.351406 ---
Updating user 5
'profile_image' in validated_data: True
profile_image value: WhatsApp Image 2025-09-29 at 8.59.36 PM.jpeg, type: <class 'django.core.files.uploadedfile.InMemoryUploadedFile'>
Current DB value BEFORE: users/WhatsApp_Image_2025-09-29_at_8_3vdQW9U.59.36_PM.jpeg
AFTER save, DB value: users/WhatsApp_Image_2025-09-29_at_8_9I2NBPG.59.36_PM.jpeg

--- 2026-07-05 20:06:55.281096 ---
Updating user 5
'profile_image' in validated_data: True
profile_image value: WhatsApp Image 2025-09-29 at 8.59.36 PM.jpeg, type: <class 'django.core.files.uploadedfile.InMemoryUploadedFile'>
Current DB value BEFORE: users/WhatsApp_Image_2025-09-29_at_8_9I2NBPG.59.36_PM.jpeg
AFTER save, DB value: users/WhatsApp_Image_2025-09-29_at_8_TX62rIi.59.36_PM.jpeg

--- 2026-07-05 20:11:55.662178 ---
Updating user 5
'profile_image' in validated_data: True
profile_image value: WhatsApp Image 2025-09-29 at 8.59.36 PM.jpeg, type: <class 'django.core.files.uploadedfile.InMemoryUploadedFile'>
Current DB value BEFORE: users/WhatsApp_Image_2025-09-29_at_8_TX62rIi.59.36_PM.jpeg
AFTER save, DB value: users/WhatsApp_Image_2025-09-29_at_8_qT0ne48.59.36_PM.jpeg

--- 2026-07-05 20:16:55.238708 ---
Updating user 5
'profile_image' in validated_data: True
profile_image value: WhatsApp Image 2025-09-29 at 8.59.36 PM.jpeg, type: <class 'django.core.files.uploadedfile.InMemoryUploadedFile'>
Current DB value BEFORE: users/WhatsApp_Image_2025-09-29_at_8_qT0ne48.59.36_PM.jpeg
AFTER save, DB value: users/WhatsApp_Image_2025-09-29_at_8_OuFUvXm.59.36_PM.jpeg

--- 2026-07-05 20:21:55.365289 ---
Updating user 5
'profile_image' in validated_data: True
profile_image value: WhatsApp Image 2025-09-29 at 8.59.36 PM.jpeg, type: <class 'django.core.files.uploadedfile.InMemoryUploadedFile'>
Current DB value BEFORE: users/WhatsApp_Image_2025-09-29_at_8_OuFUvXm.59.36_PM.jpeg
AFTER save, DB value: users/WhatsApp_Image_2025-09-29_at_8_O2W7GLQ.59.36_PM.jpeg

--- 2026-07-05 20:46:26.023792 ---
Updating user 2
'profile_image' in validated_data: False
Current DB value BEFORE: EMPTY
AFTER save, DB value: EMPTY

--- 2026-07-05 20:47:35.434653 ---
Updating user 2
'profile_image' in validated_data: False
Current DB value BEFORE: EMPTY
AFTER save, DB value: EMPTY

--- 2026-07-05 20:48:22.569012 ---
Updating user 2
'profile_image' in validated_data: False
Current DB value BEFORE: EMPTY
AFTER save, DB value: EMPTY

--- 2026-07-05 20:48:56.364712 ---
Updating user 2
'profile_image' in validated_data: False
Current DB value BEFORE: EMPTY
AFTER save, DB value: EMPTY

--- 2026-07-05 20:50:53.397841 ---
Updating user 2
'profile_image' in validated_data: False
Current DB value BEFORE: EMPTY
AFTER save, DB value: EMPTY

--- 2026-07-05 20:51:32.774588 ---
Updating user 2
'profile_image' in validated_data: False
Current DB value BEFORE: EMPTY
AFTER save, DB value: EMPTY

--- 2026-07-05 20:54:03.658902 ---
Updating user 2
'profile_image' in validated_data: False
Current DB value BEFORE: EMPTY
AFTER save, DB value: EMPTY

--- 2026-07-05 20:55:20.849680 ---
Updating user 2
'profile_image' in validated_data: False
Current DB value BEFORE: EMPTY
AFTER save, DB value: EMPTY

--- 2026-07-05 20:55:39.250516 ---
Updating user 2
'profile_image' in validated_data: False
Current DB value BEFORE: EMPTY
AFTER save, DB value: EMPTY

--- 2026-07-05 20:58:59.996403 ---
Updating user 2
'profile_image' in validated_data: False
Current DB value BEFORE: EMPTY
AFTER save, DB value: EMPTY

--- 2026-07-05 21:10:33.603049 ---
Updating user 2
'profile_image' in validated_data: False
Current DB value BEFORE: EMPTY
AFTER save, DB value: EMPTY

--- 2026-07-05 21:10:51.039178 ---
Updating user 2
'profile_image' in validated_data: False
Current DB value BEFORE: EMPTY
AFTER save, DB value: EMPTY

--- 2026-07-05 21:14:31.726458 ---
Updating user 2
'profile_image' in validated_data: False
Current DB value BEFORE: EMPTY
AFTER save, DB value: EMPTY

--- 2026-07-05 21:15:45.623350 ---
Updating user 2
'profile_image' in validated_data: False
Current DB value BEFORE: EMPTY
AFTER save, DB value: EMPTY

--- 2026-07-05 21:16:16.806170 ---
Updating user 2
'profile_image' in validated_data: True
profile_image value: PHOTO A.B AHMED ELTARABILY.jpg, type: <class 'django.core.files.uploadedfile.InMemoryUploadedFile'>
Current DB value BEFORE: EMPTY
AFTER save, DB value: users/PHOTO_A.B_AHMED_ELTARABILY.jpg

--- 2026-07-05 21:16:29.495558 ---
Updating user 2
'profile_image' in validated_data: False
Current DB value BEFORE: users/PHOTO_A.B_AHMED_ELTARABILY.jpg
AFTER save, DB value: users/PHOTO_A.B_AHMED_ELTARABILY.jpg

--- 2026-07-05 21:40:38.979586 ---
Updating user 2
'profile_image' in validated_data: False
Current DB value BEFORE: users/PHOTO_A.B_AHMED_ELTARABILY.jpg
AFTER save, DB value: users/PHOTO_A.B_AHMED_ELTARABILY.jpg

--- 2026-07-05 22:18:22.226929 ---
Updating user 2
'profile_image' in validated_data: False
Current DB value BEFORE: users/PHOTO_A.B_AHMED_ELTARABILY.jpg
AFTER save, DB value: users/PHOTO_A.B_AHMED_ELTARABILY.jpg

--- 2026-07-05 22:18:56.514723 ---
Updating user 2
'profile_image' in validated_data: False
Current DB value BEFORE: users/PHOTO_A.B_AHMED_ELTARABILY.jpg
AFTER save, DB value: users/PHOTO_A.B_AHMED_ELTARABILY.jpg

--- 2026-07-05 22:21:25.012665 ---
Updating user 2
'profile_image' in validated_data: False
Current DB value BEFORE: users/PHOTO_A.B_AHMED_ELTARABILY.jpg
AFTER save, DB value: users/PHOTO_A.B_AHMED_ELTARABILY.jpg

--- 2026-07-05 22:36:13.514660 ---
Updating user 2
'profile_image' in validated_data: False
Current DB value BEFORE: users/PHOTO_A.B_AHMED_ELTARABILY.jpg
AFTER save, DB value: users/PHOTO_A.B_AHMED_ELTARABILY.jpg

--- 2026-07-05 23:15:19.340817 ---
Updating user 2
'profile_image' in validated_data: False
Current DB value BEFORE: users/PHOTO_A.B_AHMED_ELTARABILY.jpg
AFTER save, DB value: users/PHOTO_A.B_AHMED_ELTARABILY.jpg

--- 2026-07-05 23:17:58.444850 ---
Updating user 2
'profile_image' in validated_data: False
Current DB value BEFORE: users/PHOTO_A.B_AHMED_ELTARABILY.jpg
AFTER save, DB value: users/PHOTO_A.B_AHMED_ELTARABILY.jpg

--- 2026-07-05 23:19:07.923536 ---
Updating user 5
'profile_image' in validated_data: False
Current DB value BEFORE: users/WhatsApp_Image_2025-09-29_at_8_O2W7GLQ.59.36_PM.jpeg
AFTER save, DB value: users/WhatsApp_Image_2025-09-29_at_8_O2W7GLQ.59.36_PM.jpeg

--- 2026-07-06 12:49:43.329554 ---
Updating user 5
'profile_image' in validated_data: False
Current DB value BEFORE: users/WhatsApp_Image_2025-09-29_at_8_O2W7GLQ.59.36_PM.jpeg
AFTER save, DB value: users/WhatsApp_Image_2025-09-29_at_8_O2W7GLQ.59.36_PM.jpeg

--- 2026-07-06 21:07:28.504538 ---
Updating user 2
'profile_image' in validated_data: False
Current DB value BEFORE: users/PHOTO_A.B_AHMED_ELTARABILY.jpg
AFTER save, DB value: users/PHOTO_A.B_AHMED_ELTARABILY.jpg

--- 2026-07-06 21:14:14.196772 ---
Updating user 6
'profile_image' in validated_data: False
Current DB value BEFORE: EMPTY
AFTER save, DB value: EMPTY

--- 2026-07-06 21:15:13.930969 ---
Updating user 6
'profile_image' in validated_data: False
Current DB value BEFORE: EMPTY
AFTER save, DB value: EMPTY

--- 2026-07-06 21:46:49.468704 ---
Updating user 5
'profile_image' in validated_data: False
Current DB value BEFORE: users/WhatsApp_Image_2025-09-29_at_8_O2W7GLQ.59.36_PM.jpeg
AFTER save, DB value: users/WhatsApp_Image_2025-09-29_at_8_O2W7GLQ.59.36_PM.jpeg

--- 2026-07-06 23:04:22.257061 ---
Updating user 15
'profile_image' in validated_data: False
Current DB value BEFORE: EMPTY
AFTER save, DB value: EMPTY

--- 2026-07-07 14:03:53.666824 ---
Updating user 10
'profile_image' in validated_data: False
Current DB value BEFORE: EMPTY
AFTER save, DB value: EMPTY

--- 2026-07-07 14:04:57.097214 ---
Updating user 10
'profile_image' in validated_data: False
Current DB value BEFORE: EMPTY
AFTER save, DB value: EMPTY

--- 2026-07-07 14:06:00.432668 ---
Updating user 10
'profile_image' in validated_data: False
Current DB value BEFORE: EMPTY
AFTER save, DB value: EMPTY

--- 2026-07-07 14:07:57.350961 ---
Updating user 10
'profile_image' in validated_data: False
Current DB value BEFORE: EMPTY
AFTER save, DB value: EMPTY

--- 2026-07-07 14:11:08.044292 ---
Updating user 9
'profile_image' in validated_data: False
Current DB value BEFORE: EMPTY
AFTER save, DB value: EMPTY

--- 2026-07-08 13:36:40.403700 ---
Updating user 9
'profile_image' in validated_data: False
Current DB value BEFORE: EMPTY
AFTER save, DB value: EMPTY

--- 2026-07-08 13:37:26.630227 ---
Updating user 9
'profile_image' in validated_data: False
Current DB value BEFORE: EMPTY
AFTER save, DB value: EMPTY

--- 2026-07-08 13:40:59.927587 ---
Updating user 13
'profile_image' in validated_data: False
Current DB value BEFORE: EMPTY
AFTER save, DB value: EMPTY

--- 2026-07-08 13:45:07.530242 ---
Updating user 13
'profile_image' in validated_data: False
Current DB value BEFORE: EMPTY
AFTER save, DB value: EMPTY

--- 2026-07-08 13:49:35.351396 ---
Updating user 13
'profile_image' in validated_data: False
Current DB value BEFORE: EMPTY
AFTER save, DB value: EMPTY

--- 2026-07-08 13:51:00.318465 ---
Updating user 13
'profile_image' in validated_data: False
Current DB value BEFORE: EMPTY
AFTER save, DB value: EMPTY

--- 2026-07-08 14:08:05.661218 ---
Updating user 13
'profile_image' in validated_data: True
profile_image value: stamps.jpeg, type: <class 'django.core.files.uploadedfile.InMemoryUploadedFile'>
Current DB value BEFORE: EMPTY
AFTER save, DB value: users/stamps.jpeg

--- 2026-07-08 14:08:18.986380 ---
Updating user 13
'profile_image' in validated_data: True
profile_image value: DELETE_PHOTO, type: <class 'str'>
Current DB value BEFORE: users/stamps.jpeg
FIREWALL: Explicit DELETE_PHOTO requested for profile_image.
AFTER save, DB value: EMPTY

--- 2026-07-08 14:08:56.616197 ---
Updating user 13
'profile_image' in validated_data: True
profile_image value: PHOTO.jpg, type: <class 'django.core.files.uploadedfile.InMemoryUploadedFile'>
Current DB value BEFORE: EMPTY
AFTER save, DB value: users/PHOTO.jpg

--- 2026-07-08 14:08:59.769060 ---
Updating user 13
'profile_image' in validated_data: False
Current DB value BEFORE: users/PHOTO.jpg
AFTER save, DB value: users/PHOTO.jpg

--- 2026-07-08 21:19:12.743018 ---
Updating user 9
'profile_image' in validated_data: False
Current DB value BEFORE: EMPTY
AFTER save, DB value: EMPTY

--- 2026-07-08 21:19:57.098758 ---
Updating user 9
'profile_image' in validated_data: False
Current DB value BEFORE: EMPTY
AFTER save, DB value: EMPTY

--- 2026-07-08 21:22:06.328053 ---
Updating user 9
'profile_image' in validated_data: False
Current DB value BEFORE: EMPTY
AFTER save, DB value: EMPTY

--- 2026-07-08 21:24:44.615171 ---
Updating user 9
'profile_image' in validated_data: False
Current DB value BEFORE: EMPTY
AFTER save, DB value: EMPTY

--- 2026-07-08 21:27:08.110357 ---
Updating user 9
'profile_image' in validated_data: False
Current DB value BEFORE: EMPTY
AFTER save, DB value: EMPTY

--- 2026-07-08 21:27:25.849940 ---
Updating user 9
'profile_image' in validated_data: False
Current DB value BEFORE: EMPTY
AFTER save, DB value: EMPTY

--- 2026-07-08 21:28:41.765143 ---
Updating user 9
'profile_image' in validated_data: False
Current DB value BEFORE: EMPTY
AFTER save, DB value: EMPTY

--- 2026-07-08 23:03:03.183008 ---
Updating user 9
'profile_image' in validated_data: False
Current DB value BEFORE: EMPTY
AFTER save, DB value: EMPTY

--- 2026-07-08 23:24:20.875000 ---
Updating user 10
'profile_image' in validated_data: False
Current DB value BEFORE: EMPTY
AFTER save, DB value: EMPTY

--- 2026-07-09 11:46:10.783458 ---
Updating user 19
'profile_image' in validated_data: False
Current DB value BEFORE: EMPTY
AFTER save, DB value: EMPTY

--- 2026-07-09 11:59:53.023414 ---
Updating user 19
'profile_image' in validated_data: False
Current DB value BEFORE: EMPTY
AFTER save, DB value: EMPTY

--- 2026-07-09 12:00:10.380813 ---
Updating user 19
'profile_image' in validated_data: False
Current DB value BEFORE: EMPTY
AFTER save, DB value: EMPTY

--- 2026-07-09 12:00:41.149859 ---
Updating user 19
'profile_image' in validated_data: False
Current DB value BEFORE: EMPTY
AFTER save, DB value: EMPTY

--- 2026-07-09 12:01:10.794566 ---
Updating user 19
'profile_image' in validated_data: False
Current DB value BEFORE: EMPTY
AFTER save, DB value: EMPTY

--- 2026-07-09 12:02:48.804629 ---
Updating user 19
'profile_image' in validated_data: False
Current DB value BEFORE: EMPTY
AFTER save, DB value: EMPTY

--- 2026-07-09 12:05:40.771800 ---
Updating user 19
'profile_image' in validated_data: False
Current DB value BEFORE: EMPTY
AFTER save, DB value: EMPTY

--- 2026-07-09 12:07:01.741724 ---
Updating user 19
'profile_image' in validated_data: False
Current DB value BEFORE: EMPTY
AFTER save, DB value: EMPTY

--- 2026-07-09 12:09:05.696180 ---
Updating user 19
'profile_image' in validated_data: False
Current DB value BEFORE: EMPTY
AFTER save, DB value: EMPTY

--- 2026-07-09 12:10:21.443544 ---
Updating user 19
'profile_image' in validated_data: False
Current DB value BEFORE: EMPTY
AFTER save, DB value: EMPTY

--- 2026-07-09 12:14:36.601994 ---
Updating user 19
'profile_image' in validated_data: False
Current DB value BEFORE: EMPTY
AFTER save, DB value: EMPTY

--- 2026-07-09 12:57:28.182696 ---
Updating user 20
'profile_image' in validated_data: False
Current DB value BEFORE: EMPTY
AFTER save, DB value: EMPTY

--- 2026-07-09 13:00:37.713339 ---
Updating user 20
'profile_image' in validated_data: False
Current DB value BEFORE: EMPTY
AFTER save, DB value: EMPTY

--- 2026-07-09 13:16:33.792184 ---
Updating user 20
'profile_image' in validated_data: False
Current DB value BEFORE: EMPTY
AFTER save, DB value: EMPTY

--- 2026-07-09 13:21:14.376103 ---
Updating user 20
'profile_image' in validated_data: False
Current DB value BEFORE: EMPTY
AFTER save, DB value: EMPTY

--- 2026-07-09 13:23:13.830747 ---
Updating user 20
'profile_image' in validated_data: False
Current DB value BEFORE: EMPTY
AFTER save, DB value: EMPTY

--- 2026-07-09 19:00:19.401612 ---
Updating user 17
'profile_image' in validated_data: False
Current DB value BEFORE: EMPTY
AFTER save, DB value: EMPTY

--- 2026-07-09 19:02:16.304691 ---
Updating user 17
'profile_image' in validated_data: False
Current DB value BEFORE: EMPTY
AFTER save, DB value: EMPTY

--- 2026-07-09 21:55:20.266875 ---
Updating user 21
'profile_image' in validated_data: False
Current DB value BEFORE: EMPTY
AFTER save, DB value: EMPTY
